0 verbose cli /usr/local/bin/node /usr/local/lib/node_modules/npm/bin/npm-cli.js
1 info using npm@11.19.0
2 info using node@v24.21.0
3 silly config load:file:/usr/local/lib/node_modules/npm/npmrc
4 silly config load:file:/Users/ankitkumar/Desktop/CODE/ACTIVITY/.npmrc
5 silly config load:file:/Users/ankitkumar/.npmrc
6 silly config load:file:/usr/local/etc/npmrc
7 verbose title npm exec repomix --include **/*.tsx, **/*.ts, **/*.css, **/*.js, **/*.json --no-gitignore --no-dot-ignore
8 verbose argv "exec" "--" "repomix" "--include" "**/*.tsx, **/*.ts, **/*.css, **/*.js, **/*.json" "--no-gitignore" "--no-dot-ignore"
9 verbose logfile logs-max:10 dir:/Users/ankitkumar/Desktop/CODE/ACTIVITY/.npm-cache/_logs/2026-09-23T11_41_51_495Z-
10 verbose logfile /Users/ankitkumar/Desktop/CODE/ACTIVITY/.npm-cache/_logs/2026-09-23T11_41_51_495Z-debug-0.log
11 silly logfile start cleaning logs, removing 1 files
12 silly logfile done cleaning log files
13 silly packumentCache heap:2348810240 maxSize:587202560 maxEntrySize:293601280
14 verbose shrinkwrap failed to load node_modules/.package-lock.json out of date, updated: node_modules/client-only
15 http fetch GET https://registry.npmjs.org/repomix attempt 1 failed with ETIMEDOUT
16 http fetch GET https://registry.npmjs.org/repomix attempt 2 failed with ETIMEDOUT
17 http fetch GET https://registry.npmjs.org/repomix attempt 3 failed with ETIMEDOUT
18 http fetch GET 200 https://registry.npmjs.org/repomix 103197ms (cache stale)
19 silly packumentCache heap:2348810240 maxSize:587202560 maxEntrySize:293601280
20 silly packumentCache heap:2348810240 maxSize:587202560 maxEntrySize:293601280
21 verbose cwd /Users/ankitkumar/Desktop/CODE/ACTIVITY
22 verbose os Darwin 27.0.0
23 verbose node v24.21.0
24 verbose npm  v11.19.0
25 verbose exit 0
26 info ok
