0 verbose cli /Users/ankitkumar/.nvm/versions/node/v22.23.1/bin/node /Users/ankitkumar/.nvm/versions/node/v22.23.1/lib/node_modules/npm/bin/npm-cli.js
1 info using npm@10.9.8
2 info using node@v22.23.1
3 silly config load:file:/Users/ankitkumar/.nvm/versions/node/v22.23.1/lib/node_modules/npm/npmrc
4 silly config load:file:/Users/ankitkumar/Desktop/CODE/ACTIVITY/.npmrc
5 silly config load:file:/Users/ankitkumar/.npmrc
6 silly config load:file:/Users/ankitkumar/.nvm/versions/node/v22.23.1/etc/npmrc
7 verbose title npm exec tsc --noEmit
8 verbose argv "exec" "--" "tsc" "--noEmit"
9 verbose logfile logs-max:10 dir:/Users/ankitkumar/Desktop/CODE/ACTIVITY/.npm-cache/_logs/2026-09-22T10_15_10_205Z-
10 verbose logfile /Users/ankitkumar/Desktop/CODE/ACTIVITY/.npm-cache/_logs/2026-09-22T10_15_10_205Z-debug-0.log
11 silly logfile start cleaning logs, removing 1 files
12 silly logfile done cleaning log files
13 http fetch GET 200 https://registry.npmjs.org/npm 1519ms
14 verbose cwd /Users/ankitkumar/Desktop/CODE/ACTIVITY
15 verbose os Darwin 27.0.0
16 verbose node v22.23.1
17 verbose npm  v10.9.8
18 notice
18 notice New major version of npm available! 10.9.8 -> 12.0.2
18 notice Changelog: https://github.com/npm/cli/releases/tag/v12.0.2
18 notice To update run: npm install -g npm@12.0.2
18 notice  { force: true, [Symbol(proc-log.meta)]: true }
19 verbose exit 0
20 info ok
